abudhabi_t1          split=train shape=(799, 785) ignore=0.241 change=True
abudhabi_t2          split=train shape=(799, 785) ignore=0.241 change=True
aguasclaras_t1       split=train shape=(471, 525) ignore=0.260 change=True
aguasclaras_t2       split=train shape=(471, 525) ignore=0.260 change=True
beihai_t1            split=train shape=(902, 772) ignore=0.423 change=True
beihai_t2            split=train shape=(902, 772) ignore=0.423 change=True
beirut_t1            split=train shape=(1180, 1070) ignore=0.208 change=True
beirut_t2            split=train shape=(1180, 1070) ignore=0.208 change=True
bercy_t1             split=train shape=(395, 360) ignore=0.665 change=True
bercy_t2             split=train shape=(395, 360) ignore=0.665 change=True
brasilia_t1          split=train shape=(433, 469) ignore=0.249 change=True
brasilia_t2          split=train shape=(433, 469) ignore=0.249 change=True
chongqing_t1         split=train shape=(730, 544) ignore=0.227 change=True
chongqing_t2         split=train shape=(730, 544) ignore=0.227 change=True
cupertino_t1         split=train shape=(1015, 788) ignore=0.296 change=True
cupertino_t2         split=train shape=(1015, 788) ignore=0.296 change=True
dubai_t1             split=train shape=(774, 634) ignore=0.167 change=True
dubai_t2             split=train shape=(774, 634) ignore=0.167 change=True
hongkong_t1          split=train shape=(695, 540) ignore=0.244 change=True
hongkong_t2          split=train shape=(695, 540) ignore=0.244 change=True
lasvegas_t1          split=train shape=(824, 716) ignore=0.119 change=True
lasvegas_t2          split=train shape=(824, 716) ignore=0.119 change=True
milano_t1            split=train shape=(545, 558) ignore=0.276 change=True
milano_t2            split=train shape=(545, 558) ignore=0.276 change=True
mumbai_t1            split=train shape=(858, 557) ignore=0.293 change=True
mumbai_t2            split=train shape=(858, 557) ignore=0.293 change=True
norcia_t1            split=train shape=(241, 385) ignore=0.428 change=True
norcia_t2            split=train shape=(241, 385) ignore=0.428 change=True
paris_t1             split=train shape=(408, 390) ignore=0.430 change=True
paris_t2             split=train shape=(408, 390) ignore=0.430 change=True
rennes_t1            split=train shape=(339, 563) ignore=0.224 change=True
rennes_t2            split=train shape=(339, 563) ignore=0.224 change=True
rio_t1               split=train shape=(353, 426) ignore=0.270 change=True
rio_t2               split=train shape=(353, 426) ignore=0.270 change=True
saclay_e_t1          split=train shape=(639, 688) ignore=0.588 change=True
saclay_e_t2          split=train shape=(639, 688) ignore=0.588 change=True
saclay_w_t1          split=train shape=(639, 688) ignore=0.602 change=True
saclay_w_t2          split=train shape=(639, 688) ignore=0.602 change=True
bordeaux_t1          split=test shape=(517, 461) ignore=0.353 change=True
bordeaux_t2          split=test shape=(517, 461) ignore=0.353 change=True
montpellier_t1       split=test shape=(426, 451) ignore=0.303 change=True
montpellier_t2       split=test shape=(426, 451) ignore=0.303 change=True
nantes_t1            split=test shape=(522, 582) ignore=0.364 change=True
nantes_t2            split=test shape=(522, 582) ignore=0.364 change=True
pisa_t1              split=test shape=(776, 718) ignore=0.498 change=True
pisa_t2              split=test shape=(776, 718) ignore=0.498 change=True
valencia_t1          split=test shape=(458, 476) ignore=0.519 change=True
valencia_t2          split=test shape=(458, 476) ignore=0.519 change=True
Wrote /workspace/landcover_train/enhanced
Ignored pixels: 3070443 / 19191028
